// Jest Snapshot v1, https://goo.gl/fbAQLP

exports[`SwipeAction Snap render options -- isOpened 1`] = `"<div id=\\"swipeAction-1560325152289\\" class=\\"at-swipe-action swipe-action--test\\"><div class=\\"at-swipe-action__content animtion\\"><div class=\\"normal\\">AtSwipeAction 一般使用场景</div></div><div id=\\"swipeActionOptions-1560325152289\\" class=\\"at-swipe-action__options\\"><div style=\\"background-color:#6190E8;\\" class=\\"at-swipe-action__option cancel\\"><span class=\\"taro-text option__text\\">取消</span></div><div style=\\"background-color:#FF4949;\\" class=\\"at-swipe-action__option confirm\\"><span class=\\"taro-text option__text\\">确认</span></div></div></div>"`;

exports[`SwipeAction Snap render options 1`] = `"<div id=\\"swipeAction-1560325154228\\" class=\\"at-swipe-action swipe-action--test\\"><div class=\\"at-swipe-action__content animtion\\"><div class=\\"normal\\">AtSwipeAction 一般使用场景</div></div><div id=\\"swipeActionOptions-1560325154228\\" class=\\"at-swipe-action__options\\"><div style=\\"background-color:#6190E8;\\" class=\\"at-swipe-action__option cancel\\"><span class=\\"taro-text option__text\\">取消</span></div><div style=\\"background-color:#FF4949;\\" class=\\"at-swipe-action__option confirm\\"><span class=\\"taro-text option__text\\">确认</span></div></div></div>"`;
